// Jest Snapshot v1, https://goo.gl/fbAQLP

exports[`NoteModal calls handleChange 1`] = `
<div>
  <div
    style="position: absolute; width: 1px; height: 1px; padding: 0px; margin: -1px; overflow: hidden; clip: rect(0px, 0px, 0px, 0px); white-space: nowrap; border-width: 0px; display: none;"
  />
</div>
`;
