// Jest Snapshot v1, https://goo.gl/fbAQLP

exports[`Note should show props correctly 1`] = `
<div>
  <div
    class="w-[calc(100% / 1)] mb-4"
  >
    <div
      class="group w-full rounded-lg p-4 border border-gray-200 box-border overflow-hidden cursor-pointer hover:shadow-sm hover:border-gray-300 flex flex-col justify-between bg-white"
      data-testid="note"
    >
      <div>
         
        <h3
          class="font-medium text-lg"
        >
          title
        </h3>
        <p
          class="text-sm font-poppins break-words whitespace-pre-wrap overflow-hidden max-h-60"
        >
          note body
        </p>
      </div>
      <div
        class="mt-2"
      >
        <span>
          label
        </span>
      </div>
    </div>
  </div>
</div>
`;
